// Jest Snapshot v1, https://goo.gl/fbAQLP

exports[`BpkCode should render correctly 1`] = `
<code
  className="bpk-code"
>
  npm install react --save-dev
</code>
`;
