// Jest Snapshot v1, https://goo.gl/fbAQLP

exports[`iOS BpkText should render correctly 1`] = `
<Text
  accessible={true}
  allowFontScaling={true}
  disabled={false}
  ellipsizeMode="tail"
  style={
    Array [
      Object {
        "color": "rgb(82, 76, 97)",
        "fontFamily": "System",
        "fontSize": 15,
        "fontWeight": "400",
        "lineHeight": 20,
      },
      false,
      Object {},
    ]
  }
>
  Lorem ipsum dolor sit amet, consectetuer adipiscing elit. Aenean commodo ligula eget dolor. Aenean massa. Cum sociis natoque penatibus et magnis dis parturient montes, nascetur ridiculus mus.
</Text>
`;

exports[`iOS BpkText should render correctly with \`emphasize\` prop 1`] = `
<Text
  accessible={true}
  allowFontScaling={true}
  disabled={false}
  ellipsizeMode="tail"
  style={
    Array [
      Object {
        "color": "rgb(82, 76, 97)",
        "fontFamily": "System",
        "fontSize": 15,
        "fontWeight": "400",
        "lineHeight": 20,
      },
      Object {
        "fontWeight": "600",
      },
      Object {},
    ]
  }
>
  Lorem ipsum dolor sit amet, consectetuer adipiscing elit. Aenean commodo ligula eget dolor. Aenean massa. Cum sociis natoque penatibus et magnis dis parturient montes, nascetur ridiculus mus.
</Text>
`;

exports[`iOS BpkText should render correctly with textStyle="base" 1`] = `
<Text
  accessible={true}
  allowFontScaling={true}
  disabled={false}
  ellipsizeMode="tail"
  style={
    Array [
      Object {
        "color": "rgb(82, 76, 97)",
        "fontFamily": "System",
        "fontSize": 15,
        "fontWeight": "400",
        "lineHeight": 20,
      },
      false,
      Object {},
    ]
  }
>
  Lorem ipsum dolor sit amet, consectetuer adipiscing elit. Aenean commodo ligula eget dolor. Aenean massa. Cum sociis natoque penatibus et magnis dis parturient montes, nascetur ridiculus mus.
</Text>
`;

exports[`iOS BpkText should render correctly with textStyle="lg" 1`] = `
<Text
  accessible={true}
  allowFontScaling={true}
  disabled={false}
  ellipsizeMode="tail"
  style={
    Array [
      Object {
        "color": "rgb(82, 76, 97)",
        "fontFamily": "System",
        "fontSize": 17,
        "fontWeight": "400",
        "lineHeight": 22,
      },
      false,
      Object {},
    ]
  }
>
  Lorem ipsum dolor sit amet, consectetuer adipiscing elit. Aenean commodo ligula eget dolor. Aenean massa. Cum sociis natoque penatibus et magnis dis parturient montes, nascetur ridiculus mus.
</Text>
`;

exports[`iOS BpkText should render correctly with textStyle="sm" 1`] = `
<Text
  accessible={true}
  allowFontScaling={true}
  disabled={false}
  ellipsizeMode="tail"
  style={
    Array [
      Object {
        "color": "rgb(82, 76, 97)",
        "fontFamily": "System",
        "fontSize": 13,
        "fontWeight": "400",
        "lineHeight": 18,
      },
      false,
      Object {},
    ]
  }
>
  Lorem ipsum dolor sit amet, consectetuer adipiscing elit. Aenean commodo ligula eget dolor. Aenean massa. Cum sociis natoque penatibus et magnis dis parturient montes, nascetur ridiculus mus.
</Text>
`;

exports[`iOS BpkText should render correctly with textStyle="xl" 1`] = `
<Text
  accessible={true}
  allowFontScaling={true}
  disabled={false}
  ellipsizeMode="tail"
  style={
    Array [
      Object {
        "color": "rgb(82, 76, 97)",
        "fontFamily": "System",
        "fontSize": 20,
        "fontWeight": "400",
        "lineHeight": 24,
      },
      false,
      Object {},
    ]
  }
>
  Lorem ipsum dolor sit amet, consectetuer adipiscing elit. Aenean commodo ligula eget dolor. Aenean massa. Cum sociis natoque penatibus et magnis dis parturient montes, nascetur ridiculus mus.
</Text>
`;

exports[`iOS BpkText should render correctly with textStyle="xs" 1`] = `
<Text
  accessible={true}
  allowFontScaling={true}
  disabled={false}
  ellipsizeMode="tail"
  style={
    Array [
      Object {
        "color": "rgb(82, 76, 97)",
        "fontFamily": "System",
        "fontSize": 11,
        "fontWeight": "400",
        "lineHeight": 13,
      },
      false,
      Object {},
    ]
  }
>
  Lorem ipsum dolor sit amet, consectetuer adipiscing elit. Aenean commodo ligula eget dolor. Aenean massa. Cum sociis natoque penatibus et magnis dis parturient montes, nascetur ridiculus mus.
</Text>
`;

exports[`iOS BpkText should render correctly with textStyle="xxl" 1`] = `
<Text
  accessible={true}
  allowFontScaling={true}
  disabled={false}
  ellipsizeMode="tail"
  style={
    Array [
      Object {
        "color": "rgb(82, 76, 97)",
        "fontFamily": "System",
        "fontSize": 34,
        "fontWeight": "700",
        "lineHeight": 41,
      },
      false,
      Object {},
    ]
  }
>
  Lorem ipsum dolor sit amet, consectetuer adipiscing elit. Aenean commodo ligula eget dolor. Aenean massa. Cum sociis natoque penatibus et magnis dis parturient montes, nascetur ridiculus mus.
</Text>
`;

exports[`iOS BpkText should support overwriting styles 1`] = `
<Text
  accessible={true}
  allowFontScaling={true}
  disabled={false}
  ellipsizeMode="tail"
  style={
    Array [
      Object {
        "color": "rgb(82, 76, 97)",
        "fontFamily": "System",
        "fontSize": 15,
        "fontWeight": "400",
        "lineHeight": 20,
      },
      false,
      Object {
        "color": "red",
      },
    ]
  }
>
  Lorem ipsum dolor sit amet, consectetuer adipiscing elit. Aenean commodo ligula eget dolor. Aenean massa. Cum sociis natoque penatibus et magnis dis parturient montes, nascetur ridiculus mus.
</Text>
`;
