// Jest Snapshot v1, https://goo.gl/fbAQLP

exports[`Android BpkCard should render correctly 1`] = `
<View
  accessibilityComponentType="button"
  accessibilityLabel="Example Card"
  accessibilityTraits={undefined}
  accessible={true}
  hasTVPreferredFocus={undefined}
  hitSlop={undefined}
  isTVSelectable={true}
  nativeID={undefined}
  onLayout={undefined}
  onResponderGrant={[Function]}
  onResponderMove={[Function]}
  onResponderRelease={[Function]}
  onResponderTerminate={[Function]}
  onResponderTerminationRequest={[Function]}
  onStartShouldSetResponder={[Function]}
  style={
    Array [
      Object {
        "backgroundColor": "transparent",
      },
      Array [
        Array [
          Object {
            "backgroundColor": "rgb(255, 255, 255)",
            "elevation": 2,
            "shadowColor": undefined,
            "shadowOffset": Object {
              "height": NaN,
              "width": undefined,
            },
            "shadowOpacity": undefined,
            "shadowRadius": NaN,
          },
          Object {
            "borderRadius": 2,
          },
          Object {
            "padding": 16,
          },
        ],
        null,
      ],
    ]
  }
  testID={undefined}
  tvParallaxProperties={undefined}
>
  <View
    style={
      Array [
        Object {
          "overflow": "hidden",
        },
        Object {
          "borderRadius": 2,
        },
      ]
    }
  >
    <View>
      <Text
        accessible={true}
        allowFontScaling={true}
        disabled={false}
        ellipsizeMode="tail"
        style={
          Array [
            Object {
              "color": "rgb(82, 76, 97)",
              "fontFamily": "sans-serif",
              "fontSize": 16,
              "fontWeight": "400",
              "lineHeight": 24,
            },
            Object {},
          ]
        }
      >
        Lorem ipsum dolor sit amet, consectetuer adipiscing elit. Aenean commodo ligula eget dolor. Aenean massa. Cum sociis natoque penatibus et magnis dis parturient montes, nascetur ridiculus mus.
      </Text>
    </View>
  </View>
</View>
`;

exports[`Android BpkCard should render correctly without padding 1`] = `
<View
  accessibilityComponentType="button"
  accessibilityLabel="Example Card"
  accessibilityTraits={undefined}
  accessible={true}
  hasTVPreferredFocus={undefined}
  hitSlop={undefined}
  isTVSelectable={true}
  nativeID={undefined}
  onLayout={undefined}
  onResponderGrant={[Function]}
  onResponderMove={[Function]}
  onResponderRelease={[Function]}
  onResponderTerminate={[Function]}
  onResponderTerminationRequest={[Function]}
  onStartShouldSetResponder={[Function]}
  style={
    Array [
      Object {
        "backgroundColor": "transparent",
      },
      Array [
        Array [
          Object {
            "backgroundColor": "rgb(255, 255, 255)",
            "elevation": 2,
            "shadowColor": undefined,
            "shadowOffset": Object {
              "height": NaN,
              "width": undefined,
            },
            "shadowOpacity": undefined,
            "shadowRadius": NaN,
          },
          Object {
            "borderRadius": 2,
          },
        ],
        null,
      ],
    ]
  }
  testID={undefined}
  tvParallaxProperties={undefined}
>
  <View
    style={
      Array [
        Object {
          "overflow": "hidden",
        },
        Object {
          "borderRadius": 2,
        },
      ]
    }
  >
    <View>
      <Text
        accessible={true}
        allowFontScaling={true}
        disabled={false}
        ellipsizeMode="tail"
        style={
          Array [
            Object {
              "color": "rgb(82, 76, 97)",
              "fontFamily": "sans-serif",
              "fontSize": 16,
              "fontWeight": "400",
              "lineHeight": 24,
            },
            Object {},
          ]
        }
      >
        Lorem ipsum dolor sit amet, consectetuer adipiscing elit. Aenean commodo ligula eget dolor. Aenean massa. Cum sociis natoque penatibus et magnis dis parturient montes, nascetur ridiculus mus.
      </Text>
    </View>
  </View>
</View>
`;
