// Jest Snapshot v1, https://goo.gl/fbAQLP

exports[`BpkBarchartBars should render correctly 1`] = `
<g>
  <BpkBarchartBar
    className={null}
    height={143}
    label="Jan - 305"
    onClick={null}
    onHover={null}
    onTouch={null}
    outlier={true}
    padding={0.35}
    selected={false}
    width={200}
    x={5.511811023622045}
    y={17}
  />
  <BpkBarchartBar
    className={null}
    height={143}
    label="Feb - 348"
    onClick={null}
    onHover={null}
    onTouch={null}
    outlier={true}
    padding={0.35}
    selected={false}
    width={200}
    x={21.259842519685037}
    y={17}
  />
  <BpkBarchartBar
    className={null}
    height={143}
    label="Mar - 418"
    onClick={null}
    onHover={null}
    onTouch={null}
    outlier={true}
    padding={0.35}
    selected={false}
    width={200}
    x={37.00787401574803}
    y={17}
  />
  <BpkBarchartBar
    className={null}
    height={143}
    label="Apr - 448"
    onClick={null}
    onHover={null}
    onTouch={null}
    outlier={true}
    padding={0.35}
    selected={false}
    width={200}
    x={52.75590551181102}
    y={17}
  />
  <BpkBarchartBar
    className={null}
    height={143}
    label="May - 344"
    onClick={null}
    onHover={null}
    onTouch={null}
    outlier={true}
    padding={0.35}
    selected={false}
    width={200}
    x={68.50393700787401}
    y={17}
  />
  <BpkBarchartBar
    className={null}
    height={143}
    label="Jun - 322"
    onClick={null}
    onHover={null}
    onTouch={null}
    outlier={true}
    padding={0.35}
    selected={false}
    width={200}
    x={84.25196850393701}
    y={17}
  />
  <BpkBarchartBar
    className={null}
    height={143}
    label="Jul - 340"
    onClick={null}
    onHover={null}
    onTouch={null}
    outlier={true}
    padding={0.35}
    selected={false}
    width={200}
    x={100}
    y={17}
  />
  <BpkBarchartBar
    className={null}
    height={143}
    label="Aug - 327"
    onClick={null}
    onHover={null}
    onTouch={null}
    outlier={true}
    padding={0.35}
    selected={false}
    width={200}
    x={115.74803149606299}
    y={17}
  />
  <BpkBarchartBar
    className={null}
    height={143}
    label="Sep - 444"
    onClick={null}
    onHover={null}
    onTouch={null}
    outlier={true}
    padding={0.35}
    selected={false}
    width={200}
    x={131.49606299212599}
    y={17}
  />
  <BpkBarchartBar
    className={null}
    height={143}
    label="Oct - 422"
    onClick={null}
    onHover={null}
    onTouch={null}
    outlier={true}
    padding={0.35}
    selected={false}
    width={200}
    x={147.24409448818898}
    y={17}
  />
  <BpkBarchartBar
    className={null}
    height={143}
    label="Nov - 344"
    onClick={null}
    onHover={null}
    onTouch={null}
    outlier={true}
    padding={0.35}
    selected={false}
    width={200}
    x={162.99212598425197}
    y={17}
  />
  <BpkBarchartBar
    className={null}
    height={143}
    label="Dec - 301"
    onClick={null}
    onHover={null}
    onTouch={null}
    outlier={true}
    padding={0.35}
    selected={false}
    width={200}
    x={178.74015748031496}
    y={17}
  />
</g>
`;

exports[`BpkBarchartBars should render correctly with "getBarSelection" prop 1`] = `
<g>
  <BpkBarchartBar
    className={null}
    height={143}
    label="Jan - 305"
    onClick={null}
    onHover={null}
    onTouch={null}
    outlier={true}
    padding={0}
    selected={false}
    width={200}
    x={5.511811023622045}
    y={17}
  />
  <BpkBarchartBar
    className={null}
    height={143}
    label="Feb - 348"
    onClick={null}
    onHover={null}
    onTouch={null}
    outlier={true}
    padding={0}
    selected={false}
    width={200}
    x={21.259842519685037}
    y={17}
  />
  <BpkBarchartBar
    className={null}
    height={143}
    label="Mar - 418"
    onClick={null}
    onHover={null}
    onTouch={null}
    outlier={true}
    padding={0}
    selected={true}
    width={200}
    x={37.00787401574803}
    y={17}
  />
  <BpkBarchartBar
    className={null}
    height={143}
    label="Apr - 448"
    onClick={null}
    onHover={null}
    onTouch={null}
    outlier={true}
    padding={0}
    selected={false}
    width={200}
    x={52.75590551181102}
    y={17}
  />
  <BpkBarchartBar
    className={null}
    height={143}
    label="May - 344"
    onClick={null}
    onHover={null}
    onTouch={null}
    outlier={true}
    padding={0}
    selected={false}
    width={200}
    x={68.50393700787401}
    y={17}
  />
  <BpkBarchartBar
    className={null}
    height={143}
    label="Jun - 322"
    onClick={null}
    onHover={null}
    onTouch={null}
    outlier={true}
    padding={0}
    selected={false}
    width={200}
    x={84.25196850393701}
    y={17}
  />
  <BpkBarchartBar
    className={null}
    height={143}
    label="Jul - 340"
    onClick={null}
    onHover={null}
    onTouch={null}
    outlier={true}
    padding={0}
    selected={false}
    width={200}
    x={100}
    y={17}
  />
  <BpkBarchartBar
    className={null}
    height={143}
    label="Aug - 327"
    onClick={null}
    onHover={null}
    onTouch={null}
    outlier={true}
    padding={0}
    selected={false}
    width={200}
    x={115.74803149606299}
    y={17}
  />
  <BpkBarchartBar
    className={null}
    height={143}
    label="Sep - 444"
    onClick={null}
    onHover={null}
    onTouch={null}
    outlier={true}
    padding={0}
    selected={false}
    width={200}
    x={131.49606299212599}
    y={17}
  />
  <BpkBarchartBar
    className={null}
    height={143}
    label="Oct - 422"
    onClick={null}
    onHover={null}
    onTouch={null}
    outlier={true}
    padding={0}
    selected={false}
    width={200}
    x={147.24409448818898}
    y={17}
  />
  <BpkBarchartBar
    className={null}
    height={143}
    label="Nov - 344"
    onClick={null}
    onHover={null}
    onTouch={null}
    outlier={true}
    padding={0}
    selected={false}
    width={200}
    x={162.99212598425197}
    y={17}
  />
  <BpkBarchartBar
    className={null}
    height={143}
    label="Dec - 301"
    onClick={null}
    onHover={null}
    onTouch={null}
    outlier={true}
    padding={0}
    selected={false}
    width={200}
    x={178.74015748031496}
    y={17}
  />
</g>
`;

exports[`BpkBarchartBars should render correctly with "onBarClick" prop 1`] = `
<g>
  <BpkBarchartBar
    className={null}
    height={143}
    label="Jan - 305"
    onClick={[Function]}
    onHover={null}
    onTouch={null}
    outlier={true}
    padding={0}
    selected={false}
    width={200}
    x={5.511811023622045}
    y={17}
  />
  <BpkBarchartBar
    className={null}
    height={143}
    label="Feb - 348"
    onClick={[Function]}
    onHover={null}
    onTouch={null}
    outlier={true}
    padding={0}
    selected={false}
    width={200}
    x={21.259842519685037}
    y={17}
  />
  <BpkBarchartBar
    className={null}
    height={143}
    label="Mar - 418"
    onClick={[Function]}
    onHover={null}
    onTouch={null}
    outlier={true}
    padding={0}
    selected={false}
    width={200}
    x={37.00787401574803}
    y={17}
  />
  <BpkBarchartBar
    className={null}
    height={143}
    label="Apr - 448"
    onClick={[Function]}
    onHover={null}
    onTouch={null}
    outlier={true}
    padding={0}
    selected={false}
    width={200}
    x={52.75590551181102}
    y={17}
  />
  <BpkBarchartBar
    className={null}
    height={143}
    label="May - 344"
    onClick={[Function]}
    onHover={null}
    onTouch={null}
    outlier={true}
    padding={0}
    selected={false}
    width={200}
    x={68.50393700787401}
    y={17}
  />
  <BpkBarchartBar
    className={null}
    height={143}
    label="Jun - 322"
    onClick={[Function]}
    onHover={null}
    onTouch={null}
    outlier={true}
    padding={0}
    selected={false}
    width={200}
    x={84.25196850393701}
    y={17}
  />
  <BpkBarchartBar
    className={null}
    height={143}
    label="Jul - 340"
    onClick={[Function]}
    onHover={null}
    onTouch={null}
    outlier={true}
    padding={0}
    selected={false}
    width={200}
    x={100}
    y={17}
  />
  <BpkBarchartBar
    className={null}
    height={143}
    label="Aug - 327"
    onClick={[Function]}
    onHover={null}
    onTouch={null}
    outlier={true}
    padding={0}
    selected={false}
    width={200}
    x={115.74803149606299}
    y={17}
  />
  <BpkBarchartBar
    className={null}
    height={143}
    label="Sep - 444"
    onClick={[Function]}
    onHover={null}
    onTouch={null}
    outlier={true}
    padding={0}
    selected={false}
    width={200}
    x={131.49606299212599}
    y={17}
  />
  <BpkBarchartBar
    className={null}
    height={143}
    label="Oct - 422"
    onClick={[Function]}
    onHover={null}
    onTouch={null}
    outlier={true}
    padding={0}
    selected={false}
    width={200}
    x={147.24409448818898}
    y={17}
  />
  <BpkBarchartBar
    className={null}
    height={143}
    label="Nov - 344"
    onClick={[Function]}
    onHover={null}
    onTouch={null}
    outlier={true}
    padding={0}
    selected={false}
    width={200}
    x={162.99212598425197}
    y={17}
  />
  <BpkBarchartBar
    className={null}
    height={143}
    label="Dec - 301"
    onClick={[Function]}
    onHover={null}
    onTouch={null}
    outlier={true}
    padding={0}
    selected={false}
    width={200}
    x={178.74015748031496}
    y={17}
  />
</g>
`;

exports[`BpkBarchartBars should render correctly with "onBarHover" prop 1`] = `
<g>
  <BpkBarchartBar
    className={null}
    height={143}
    label="Jan - 305"
    onClick={null}
    onHover={[Function]}
    onTouch={null}
    outlier={true}
    padding={0}
    selected={false}
    width={200}
    x={5.511811023622045}
    y={17}
  />
  <BpkBarchartBar
    className={null}
    height={143}
    label="Feb - 348"
    onClick={null}
    onHover={[Function]}
    onTouch={null}
    outlier={true}
    padding={0}
    selected={false}
    width={200}
    x={21.259842519685037}
    y={17}
  />
  <BpkBarchartBar
    className={null}
    height={143}
    label="Mar - 418"
    onClick={null}
    onHover={[Function]}
    onTouch={null}
    outlier={true}
    padding={0}
    selected={false}
    width={200}
    x={37.00787401574803}
    y={17}
  />
  <BpkBarchartBar
    className={null}
    height={143}
    label="Apr - 448"
    onClick={null}
    onHover={[Function]}
    onTouch={null}
    outlier={true}
    padding={0}
    selected={false}
    width={200}
    x={52.75590551181102}
    y={17}
  />
  <BpkBarchartBar
    className={null}
    height={143}
    label="May - 344"
    onClick={null}
    onHover={[Function]}
    onTouch={null}
    outlier={true}
    padding={0}
    selected={false}
    width={200}
    x={68.50393700787401}
    y={17}
  />
  <BpkBarchartBar
    className={null}
    height={143}
    label="Jun - 322"
    onClick={null}
    onHover={[Function]}
    onTouch={null}
    outlier={true}
    padding={0}
    selected={false}
    width={200}
    x={84.25196850393701}
    y={17}
  />
  <BpkBarchartBar
    className={null}
    height={143}
    label="Jul - 340"
    onClick={null}
    onHover={[Function]}
    onTouch={null}
    outlier={true}
    padding={0}
    selected={false}
    width={200}
    x={100}
    y={17}
  />
  <BpkBarchartBar
    className={null}
    height={143}
    label="Aug - 327"
    onClick={null}
    onHover={[Function]}
    onTouch={null}
    outlier={true}
    padding={0}
    selected={false}
    width={200}
    x={115.74803149606299}
    y={17}
  />
  <BpkBarchartBar
    className={null}
    height={143}
    label="Sep - 444"
    onClick={null}
    onHover={[Function]}
    onTouch={null}
    outlier={true}
    padding={0}
    selected={false}
    width={200}
    x={131.49606299212599}
    y={17}
  />
  <BpkBarchartBar
    className={null}
    height={143}
    label="Oct - 422"
    onClick={null}
    onHover={[Function]}
    onTouch={null}
    outlier={true}
    padding={0}
    selected={false}
    width={200}
    x={147.24409448818898}
    y={17}
  />
  <BpkBarchartBar
    className={null}
    height={143}
    label="Nov - 344"
    onClick={null}
    onHover={[Function]}
    onTouch={null}
    outlier={true}
    padding={0}
    selected={false}
    width={200}
    x={162.99212598425197}
    y={17}
  />
  <BpkBarchartBar
    className={null}
    height={143}
    label="Dec - 301"
    onClick={null}
    onHover={[Function]}
    onTouch={null}
    outlier={true}
    padding={0}
    selected={false}
    width={200}
    x={178.74015748031496}
    y={17}
  />
</g>
`;

exports[`BpkBarchartBars should render correctly with "onBarTouch" prop 1`] = `
<g>
  <BpkBarchartBar
    className={null}
    height={143}
    label="Jan - 305"
    onClick={null}
    onHover={null}
    onTouch={[Function]}
    outlier={true}
    padding={0}
    selected={false}
    width={200}
    x={5.511811023622045}
    y={17}
  />
  <BpkBarchartBar
    className={null}
    height={143}
    label="Feb - 348"
    onClick={null}
    onHover={null}
    onTouch={[Function]}
    outlier={true}
    padding={0}
    selected={false}
    width={200}
    x={21.259842519685037}
    y={17}
  />
  <BpkBarchartBar
    className={null}
    height={143}
    label="Mar - 418"
    onClick={null}
    onHover={null}
    onTouch={[Function]}
    outlier={true}
    padding={0}
    selected={false}
    width={200}
    x={37.00787401574803}
    y={17}
  />
  <BpkBarchartBar
    className={null}
    height={143}
    label="Apr - 448"
    onClick={null}
    onHover={null}
    onTouch={[Function]}
    outlier={true}
    padding={0}
    selected={false}
    width={200}
    x={52.75590551181102}
    y={17}
  />
  <BpkBarchartBar
    className={null}
    height={143}
    label="May - 344"
    onClick={null}
    onHover={null}
    onTouch={[Function]}
    outlier={true}
    padding={0}
    selected={false}
    width={200}
    x={68.50393700787401}
    y={17}
  />
  <BpkBarchartBar
    className={null}
    height={143}
    label="Jun - 322"
    onClick={null}
    onHover={null}
    onTouch={[Function]}
    outlier={true}
    padding={0}
    selected={false}
    width={200}
    x={84.25196850393701}
    y={17}
  />
  <BpkBarchartBar
    className={null}
    height={143}
    label="Jul - 340"
    onClick={null}
    onHover={null}
    onTouch={[Function]}
    outlier={true}
    padding={0}
    selected={false}
    width={200}
    x={100}
    y={17}
  />
  <BpkBarchartBar
    className={null}
    height={143}
    label="Aug - 327"
    onClick={null}
    onHover={null}
    onTouch={[Function]}
    outlier={true}
    padding={0}
    selected={false}
    width={200}
    x={115.74803149606299}
    y={17}
  />
  <BpkBarchartBar
    className={null}
    height={143}
    label="Sep - 444"
    onClick={null}
    onHover={null}
    onTouch={[Function]}
    outlier={true}
    padding={0}
    selected={false}
    width={200}
    x={131.49606299212599}
    y={17}
  />
  <BpkBarchartBar
    className={null}
    height={143}
    label="Oct - 422"
    onClick={null}
    onHover={null}
    onTouch={[Function]}
    outlier={true}
    padding={0}
    selected={false}
    width={200}
    x={147.24409448818898}
    y={17}
  />
  <BpkBarchartBar
    className={null}
    height={143}
    label="Nov - 344"
    onClick={null}
    onHover={null}
    onTouch={[Function]}
    outlier={true}
    padding={0}
    selected={false}
    width={200}
    x={162.99212598425197}
    y={17}
  />
  <BpkBarchartBar
    className={null}
    height={143}
    label="Dec - 301"
    onClick={null}
    onHover={null}
    onTouch={[Function]}
    outlier={true}
    padding={0}
    selected={false}
    width={200}
    x={178.74015748031496}
    y={17}
  />
</g>
`;

exports[`BpkBarchartBars should render correctly with "padding" prop 1`] = `
<g>
  <BpkBarchartBar
    className={null}
    height={143}
    label="Jan - 305"
    onClick={null}
    onHover={null}
    onTouch={null}
    outlier={true}
    padding={0}
    selected={false}
    width={200}
    x={5.511811023622045}
    y={17}
  />
  <BpkBarchartBar
    className={null}
    height={143}
    label="Feb - 348"
    onClick={null}
    onHover={null}
    onTouch={null}
    outlier={true}
    padding={0}
    selected={false}
    width={200}
    x={21.259842519685037}
    y={17}
  />
  <BpkBarchartBar
    className={null}
    height={143}
    label="Mar - 418"
    onClick={null}
    onHover={null}
    onTouch={null}
    outlier={true}
    padding={0}
    selected={false}
    width={200}
    x={37.00787401574803}
    y={17}
  />
  <BpkBarchartBar
    className={null}
    height={143}
    label="Apr - 448"
    onClick={null}
    onHover={null}
    onTouch={null}
    outlier={true}
    padding={0}
    selected={false}
    width={200}
    x={52.75590551181102}
    y={17}
  />
  <BpkBarchartBar
    className={null}
    height={143}
    label="May - 344"
    onClick={null}
    onHover={null}
    onTouch={null}
    outlier={true}
    padding={0}
    selected={false}
    width={200}
    x={68.50393700787401}
    y={17}
  />
  <BpkBarchartBar
    className={null}
    height={143}
    label="Jun - 322"
    onClick={null}
    onHover={null}
    onTouch={null}
    outlier={true}
    padding={0}
    selected={false}
    width={200}
    x={84.25196850393701}
    y={17}
  />
  <BpkBarchartBar
    className={null}
    height={143}
    label="Jul - 340"
    onClick={null}
    onHover={null}
    onTouch={null}
    outlier={true}
    padding={0}
    selected={false}
    width={200}
    x={100}
    y={17}
  />
  <BpkBarchartBar
    className={null}
    height={143}
    label="Aug - 327"
    onClick={null}
    onHover={null}
    onTouch={null}
    outlier={true}
    padding={0}
    selected={false}
    width={200}
    x={115.74803149606299}
    y={17}
  />
  <BpkBarchartBar
    className={null}
    height={143}
    label="Sep - 444"
    onClick={null}
    onHover={null}
    onTouch={null}
    outlier={true}
    padding={0}
    selected={false}
    width={200}
    x={131.49606299212599}
    y={17}
  />
  <BpkBarchartBar
    className={null}
    height={143}
    label="Oct - 422"
    onClick={null}
    onHover={null}
    onTouch={null}
    outlier={true}
    padding={0}
    selected={false}
    width={200}
    x={147.24409448818898}
    y={17}
  />
  <BpkBarchartBar
    className={null}
    height={143}
    label="Nov - 344"
    onClick={null}
    onHover={null}
    onTouch={null}
    outlier={true}
    padding={0}
    selected={false}
    width={200}
    x={162.99212598425197}
    y={17}
  />
  <BpkBarchartBar
    className={null}
    height={143}
    label="Dec - 301"
    onClick={null}
    onHover={null}
    onTouch={null}
    outlier={true}
    padding={0}
    selected={false}
    width={200}
    x={178.74015748031496}
    y={17}
  />
</g>
`;

exports[`BpkBarchartBars should render with "rounded" prop set to "false" 1`] = `
<g>
  <BpkBarchartBar
    className={null}
    height={143}
    label="Jan - 305"
    onClick={null}
    onHover={null}
    onTouch={null}
    outlier={true}
    padding={0.35}
    rounded={false}
    selected={false}
    width={200}
    x={5.511811023622045}
    y={17}
  />
  <BpkBarchartBar
    className={null}
    height={143}
    label="Feb - 348"
    onClick={null}
    onHover={null}
    onTouch={null}
    outlier={true}
    padding={0.35}
    rounded={false}
    selected={false}
    width={200}
    x={21.259842519685037}
    y={17}
  />
  <BpkBarchartBar
    className={null}
    height={143}
    label="Mar - 418"
    onClick={null}
    onHover={null}
    onTouch={null}
    outlier={true}
    padding={0.35}
    rounded={false}
    selected={false}
    width={200}
    x={37.00787401574803}
    y={17}
  />
  <BpkBarchartBar
    className={null}
    height={143}
    label="Apr - 448"
    onClick={null}
    onHover={null}
    onTouch={null}
    outlier={true}
    padding={0.35}
    rounded={false}
    selected={false}
    width={200}
    x={52.75590551181102}
    y={17}
  />
  <BpkBarchartBar
    className={null}
    height={143}
    label="May - 344"
    onClick={null}
    onHover={null}
    onTouch={null}
    outlier={true}
    padding={0.35}
    rounded={false}
    selected={false}
    width={200}
    x={68.50393700787401}
    y={17}
  />
  <BpkBarchartBar
    className={null}
    height={143}
    label="Jun - 322"
    onClick={null}
    onHover={null}
    onTouch={null}
    outlier={true}
    padding={0.35}
    rounded={false}
    selected={false}
    width={200}
    x={84.25196850393701}
    y={17}
  />
  <BpkBarchartBar
    className={null}
    height={143}
    label="Jul - 340"
    onClick={null}
    onHover={null}
    onTouch={null}
    outlier={true}
    padding={0.35}
    rounded={false}
    selected={false}
    width={200}
    x={100}
    y={17}
  />
  <BpkBarchartBar
    className={null}
    height={143}
    label="Aug - 327"
    onClick={null}
    onHover={null}
    onTouch={null}
    outlier={true}
    padding={0.35}
    rounded={false}
    selected={false}
    width={200}
    x={115.74803149606299}
    y={17}
  />
  <BpkBarchartBar
    className={null}
    height={143}
    label="Sep - 444"
    onClick={null}
    onHover={null}
    onTouch={null}
    outlier={true}
    padding={0.35}
    rounded={false}
    selected={false}
    width={200}
    x={131.49606299212599}
    y={17}
  />
  <BpkBarchartBar
    className={null}
    height={143}
    label="Oct - 422"
    onClick={null}
    onHover={null}
    onTouch={null}
    outlier={true}
    padding={0.35}
    rounded={false}
    selected={false}
    width={200}
    x={147.24409448818898}
    y={17}
  />
  <BpkBarchartBar
    className={null}
    height={143}
    label="Nov - 344"
    onClick={null}
    onHover={null}
    onTouch={null}
    outlier={true}
    padding={0.35}
    rounded={false}
    selected={false}
    width={200}
    x={162.99212598425197}
    y={17}
  />
  <BpkBarchartBar
    className={null}
    height={143}
    label="Dec - 301"
    onClick={null}
    onHover={null}
    onTouch={null}
    outlier={true}
    padding={0.35}
    rounded={false}
    selected={false}
    width={200}
    x={178.74015748031496}
    y={17}
  />
</g>
`;
