// Jest Snapshot v1, https://goo.gl/fbAQLP

exports[`BpkChartDataTable should render correctly 1`] = `
<table
  className="bpk-chart-data-table"
>
  <thead>
    <tr>
      <th>
        Month
      </th>
      <th>
        Average price (Â£)
      </th>
    </tr>
  </thead>
  <tbody>
    <tr>
      <td>
        Jan
      </td>
      <td>
        305
      </td>
    </tr>
    <tr>
      <td>
        Feb
      </td>
      <td>
        348
      </td>
    </tr>
    <tr>
      <td>
        Mar
      </td>
      <td>
        418
      </td>
    </tr>
    <tr>
      <td>
        Apr
      </td>
      <td>
        448
      </td>
    </tr>
    <tr>
      <td>
        May
      </td>
      <td>
        344
      </td>
    </tr>
    <tr>
      <td>
        Jun
      </td>
      <td>
        322
      </td>
    </tr>
    <tr>
      <td>
        Jul
      </td>
      <td>
        340
      </td>
    </tr>
    <tr>
      <td>
        Aug
      </td>
      <td>
        327
      </td>
    </tr>
    <tr>
      <td>
        Sep
      </td>
      <td>
        444
      </td>
    </tr>
    <tr>
      <td>
        Oct
      </td>
      <td>
        422
      </td>
    </tr>
    <tr>
      <td>
        Nov
      </td>
      <td>
        344
      </td>
    </tr>
    <tr>
      <td>
        Dec
      </td>
      <td>
        301
      </td>
    </tr>
  </tbody>
</table>
`;
