// Jest Snapshot v1, https://goo.gl/fbAQLP

exports[`Android BpkBannerAlert should render correctly 1`] = `
<View
  style={
    Array [
      Object {
        "borderColor": "rgb(230, 228, 235)",
        "borderRadius": 4,
        "borderWidth": 1,
      },
    ]
  }
>
  <View
    accessibilityComponentType="button"
    accessibilityLabel={undefined}
    accessibilityTraits={undefined}
    accessible={true}
    hasTVPreferredFocus={undefined}
    hitSlop={undefined}
    isTVSelectable={true}
    nativeID={undefined}
    onLayout={undefined}
    onResponderGrant={[Function]}
    onResponderMove={[Function]}
    onResponderRelease={[Function]}
    onResponderTerminate={[Function]}
    onResponderTerminationRequest={[Function]}
    onStartShouldSetResponder={[Function]}
    style={
      Array [
        Object {
          "backgroundColor": "transparent",
        },
        undefined,
      ]
    }
    testID={undefined}
    tvParallaxProperties={undefined}
  >
    <View
      style={
        Array [
          Object {
            "alignItems": "center",
            "display": "flex",
            "flexDirection": "row",
            "height": 46,
            "paddingLeft": 12,
            "paddingRight": 12,
            "width": "100%",
          },
        ]
      }
    >
      <Text
        accessible={true}
        allowFontScaling={true}
        disabled={false}
        ellipsizeMode="tail"
        style={
          Array [
            Object {
              "color": "rgb(82, 76, 97)",
              "fontFamily": "sans-serif",
              "fontSize": 16,
              "fontWeight": undefined,
              "lineHeight": 24,
            },
            false,
            Array [
              Object {
                "flex": 1,
                "paddingLeft": 10,
              },
            ],
          ]
        }
      />
    </View>
  </View>
</View>
`;
