// Jest Snapshot v1, https://goo.gl/fbAQLP

exports[`BpkGridToggle should render correctly 1`] = `
<button
  className="bpk-link"
  onClick={[Function]}
  title="Keyboard Shortcut: ctrl + cmd + g"
  type="button"
>
  Toggle baseline grid 
  on
</button>
`;

exports[`BpkGridToggle should render correctly when toggled 1`] = `
<button
  className="bpk-link"
  onClick={[Function]}
  title="Keyboard Shortcut: ctrl + cmd + g"
  type="button"
>
  Toggle baseline grid 
  off
</button>
`;
