// Jest Snapshot v1, https://goo.gl/fbAQLP

exports[`BpkModalScrim should render correctly 1`] = `
<div
  className="bpk-modal-scrim"
/>
`;
