// Jest Snapshot v1, https://goo.gl/fbAQLP

exports[`Android BpkThemeProvider should render correctly 1`] = `
<Text
  accessible={true}
  allowFontScaling={true}
  disabled={false}
  ellipsizeMode="tail"
>
  Lorem ipsum
</Text>
`;
